// Jest Snapshot v1, https://goo.gl/fbAQLP

exports[`Logo gets rendered properly 1`] = `
<div>
  <div />
  melon
</div>
`;
